
> binary-orion@0.1.0 build
> next build

   Ôû▓ Next.js 15.2.6

   Creating an optimized production build ...
 Ô£ô Compiled successfully
   Linting and checking validity of types ...
   Collecting page data ...
   Generating static pages (0/9) ...
   Generating static pages (2/9) 
   Generating static pages (4/9) 
   Generating static pages (6/9) 
 Ô£ô Generating static pages (9/9)
   Finalizing page optimization ...
   Collecting build traces ...

Route (app)                                         Size  First Load JS
Ôöî Ôùï /                                            21.2 kB         174 kB
Ôö£ Ôùï /_not-found                                    139 B         101 kB
Ôö£ ãÆ /api/leads                                     139 B         101 kB
Ôö£ Ôùï /blog                                         4.3 kB         154 kB
Ôöö ÔùÅ /blog/[slug]                                  2.6 kB         153 kB
    Ôö£ /blog/vastu-tips-hyderabad-plots
    Ôö£ /blog/construction-costs-hyderabad-2024
    Ôöö /blog/choosing-right-architect-for-duplex
+ First Load JS shared by all                     101 kB
  Ôö£ chunks/4bd1b696-ad741a36799448b6.js          53.3 kB
  Ôö£ chunks/684-4a2c26b908b1dec6.js               45.3 kB
  Ôöö other shared chunks (total)                  1.98 kB


Ôùï  (Static)   prerendered as static content
ÔùÅ  (SSG)      prerendered as static HTML (uses generateStaticParams)
ãÆ  (Dynamic)  server-rendered on demand

